
> crm@0.1.0 build
> next build

โ–ฒ Next.js 16.1.1 (Turbopack)
- Environments: .env.local, .env

  Creating an optimized production build ...
โ“ Compiled successfully in 6.5s
  Running TypeScript ...
  Collecting page data using 19 workers ...
  Generating static pages using 19 workers (0/79) ...
  Generating static pages using 19 workers (19/79) 
  Generating static pages using 19 workers (39/79) 
  Generating static pages using 19 workers (59/79) 
โ“ Generating static pages using 19 workers (79/79) in 393.3ms
  Finalizing page optimization ...
node.exe : 
At line:1 char:1
+ & "C:\Program Files\nodejs/node.exe" "C:\Program Files\nodejs/node_mo ...
+ ~~~~~~~~~~~~~~~~~~~~~~~~~~~~~~~~~~~~~~~~~~~~~~~~~~~~~~~~~~~~~~~~~~~~~
    + CategoryInfo          : NotSpecified: (:String) [], RemoteException
    + FullyQualifiedErrorId : NativeCommandError
 
> Build error occurred
Error: EINVAL: invalid argument, copyfile 
'D:\code\crm-bank\.next\server\chunks\[externals]_node:buffer_00e2e67a._.js' -> '
D:\code\crm-bank\.next\standalone\.next\server\chunks\[externals]_node:buffer_00e
2e67a._.js'
    at ignore-listed frames {
  errno: -4071,
  code: 'EINVAL',
  syscall: 'copyfile',
  path: 'D:\\code\\crm-bank\\.next\\server\\chunks\\[externals]_node:buffer_00e2e
67a._.js',
  dest: 'D:\\code\\crm-bank\\.next\\standalone\\.next\\server\\chunks\\[externals
]_node:buffer_00e2e67a._.js'
}
